EN mux_4to1 NULL "/home/klein/Dropbox/Elektro/5. semester/LABD/Oscilloscope/mux_4to1.vhd" sub00/vhpl12 1541673142
EN clockscaler_25m NULL "/home/klein/Dropbox/Elektro/5. semester/LABD/Oscilloscope/clockscaler_25M.vhd" sub00/vhpl02 1541667740
AR display_driver structural "/home/klein/Dropbox/Elektro/5. semester/LABD/Oscilloscope/display_driver.vhd" sub00/vhpl09 1541673149
EN clockscaler_12m5 NULL "/home/klein/Dropbox/Elektro/5. semester/LABD/Oscilloscope/clockscaler_10MHz.vhd" sub00/vhpl04 1541668485
AR clockscaler_12m5 behavioral "/home/klein/Dropbox/Elektro/5. semester/LABD/Oscilloscope/clockscaler_10MHz.vhd" sub00/vhpl05 1541668486
AR mux_4to1 behavioral "/home/klein/Dropbox/Elektro/5. semester/LABD/Oscilloscope/mux_4to1.vhd" sub00/vhpl13 1541673143
AR anode_encoder behavioral "/home/klein/Dropbox/Elektro/5. semester/LABD/Oscilloscope/anode_encoder.vhd" sub00/vhpl15 1541673145
EN display_driver NULL "/home/klein/Dropbox/Elektro/5. semester/LABD/Oscilloscope/display_driver.vhd" sub00/vhpl08 1541673148
AR clockscaler_25m behavioral "/home/klein/Dropbox/Elektro/5. semester/LABD/Oscilloscope/clockscaler_25M.vhd" sub00/vhpl03 1541667741
EN clockscaler_1k NULL "/home/klein/Dropbox/Elektro/5. semester/LABD/Oscilloscope/clockscaler_1k.vhd" sub00/vhpl00 1541673136
AR counter_2bit behavioral "/home/klein/Dropbox/Elektro/5. semester/LABD/Oscilloscope/counter_2bit.vhd" sub00/vhpl07 1541673139
AR clockscaler_1k behavioral "/home/klein/Dropbox/Elektro/5. semester/LABD/Oscilloscope/clockscaler_1k.vhd" sub00/vhpl01 1541673137
EN mux_16to4 NULL "/home/klein/Dropbox/Elektro/5. semester/LABD/Oscilloscope/mux_16to4.vhd" sub00/vhpl10 1541673140
EN anode_encoder NULL "/home/klein/Dropbox/Elektro/5. semester/LABD/Oscilloscope/anode_encoder.vhd" sub00/vhpl14 1541673144
AR bcd2sevenseg behavioral "/home/klein/Dropbox/Elektro/5. semester/LABD/Oscilloscope/hex2sevenseg.vhd" sub00/vhpl17 1541673147
EN bcd2sevenseg NULL "/home/klein/Dropbox/Elektro/5. semester/LABD/Oscilloscope/hex2sevenseg.vhd" sub00/vhpl16 1541673146
EN counter_2bit NULL "/home/klein/Dropbox/Elektro/5. semester/LABD/Oscilloscope/counter_2bit.vhd" sub00/vhpl06 1541673138
AR mux_16to4 behavioral "/home/klein/Dropbox/Elektro/5. semester/LABD/Oscilloscope/mux_16to4.vhd" sub00/vhpl11 1541673141
